// Vitest Snapshot v1, https://vitest.dev/guide/snapshot.html

exports[`basic tests > toUpperCase 1`] = `"FOOBAR"`;
